#-----------------------------------------------------------
# Vivado v2018.2.1 (64-bit)
# SW Build 2288692 on Thu Jul 26 18:24:02 MDT 2018
# IP Build 2289599 on Thu Jul 26 21:09:20 MDT 2018
# Start of session at: Fri May  3 05:12:50 2024
# Process ID: 17308
# Current directory: L:/Documents/Xilinx/Processor2/FinalNanoprocessor
# Command line: vivado.exe -gui_launcher_event rodinguilauncherevent21404 L:\Documents\Xilinx\Processor2\FinalNanoprocessor\Nanoprocessor2.xpr
# Log file: L:/Documents/Xilinx/Processor2/FinalNanoprocessor/vivado.log
# Journal file: L:/Documents/Xilinx/Processor2/FinalNanoprocessor\vivado.jou
#-----------------------------------------------------------
start_gui
open_project L:/Documents/Xilinx/Processor2/FinalNanoprocessor/Nanoprocessor2.xpr
update_compile_order -fileset sources_1
open_hw
connect_hw_server
open_hw_target
set_property PROGRAM.FILE {L:/Documents/Xilinx/Processor2/FinalNanoprocessor/Nanoprocessor2.runs/impl_1/Nanoprocessor2.bit} [get_hw_devices xc7a35t_0]
current_hw_device [get_hw_devices xc7a35t_0]
refresh_hw_device -update_hw_probes false [lindex [get_hw_devices xc7a35t_0] 0]
set_property PROBES.FILE {} [get_hw_devices xc7a35t_0]
set_property FULL_PROBES.FILE {} [get_hw_devices xc7a35t_0]
set_property PROGRAM.FILE {L:/Documents/Xilinx/Processor2/FinalNanoprocessor/Nanoprocessor2.runs/impl_1/Nanoprocessor2.bit} [get_hw_devices xc7a35t_0]
program_hw_devices [get_hw_devices xc7a35t_0]
refresh_hw_device [lindex [get_hw_devices xc7a35t_0] 0]
set_property PROBES.FILE {} [get_hw_devices xc7a35t_0]
set_property FULL_PROBES.FILE {} [get_hw_devices xc7a35t_0]
set_property PROGRAM.FILE {L:/Documents/Xilinx/Processor2/FinalNanoprocessor/Nanoprocessor2.runs/impl_1/Nanoprocessor2.bit} [get_hw_devices xc7a35t_0]
program_hw_devices [get_hw_devices xc7a35t_0]
refresh_hw_device [lindex [get_hw_devices xc7a35t_0] 0]
set_property PROBES.FILE {} [get_hw_devices xc7a35t_0]
set_property FULL_PROBES.FILE {} [get_hw_devices xc7a35t_0]
set_property PROGRAM.FILE {L:/Documents/Xilinx/Processor2/FinalNanoprocessor/Nanoprocessor2.runs/impl_1/Nanoprocessor2.bit} [get_hw_devices xc7a35t_0]
program_hw_devices [get_hw_devices xc7a35t_0]
refresh_hw_device [lindex [get_hw_devices xc7a35t_0] 0]
