#-----------------------------------------------------------
# Vivado v2018.2.1 (64-bit)
# SW Build 2288692 on Thu Jul 26 18:24:02 MDT 2018
# IP Build 2289599 on Thu Jul 26 21:09:20 MDT 2018
# Start of session at: Wed Apr 24 11:48:26 2024
# Process ID: 28108
# Current directory: L:/Documents/Xilinx/Processor2/FinalNanoprocessor
# Command line: vivado.exe -gui_launcher_event rodinguilauncherevent24860 L:\Documents\Xilinx\Processor2\FinalNanoprocessor\Nanoprocessor2.xpr
# Log file: L:/Documents/Xilinx/Processor2/FinalNanoprocessor/vivado.log
# Journal file: L:/Documents/Xilinx/Processor2/FinalNanoprocessor\vivado.jou
#-----------------------------------------------------------
start_gui
open_project L:/Documents/Xilinx/Processor2/FinalNanoprocessor/Nanoprocessor2.xpr
update_compile_order -fileset sources_1
launch_simulation
source TB_Nanoprocessor2.tcl
close_sim
launch_simulation
source TB_Nanoprocessor2.tcl
close_sim
launch_simulation
source TB_Nanoprocessor2.tcl
close_sim
launch_simulation
source TB_Nanoprocessor2.tcl
close_sim
launch_simulation
source TB_Nanoprocessor2.tcl
close_sim
launch_simulation
source TB_Nanoprocessor2.tcl
reset_run synth_1
launch_runs synth_1 -jobs 8
wait_on_run synth_1
launch_runs impl_1 -jobs 8
wait_on_run impl_1
synth_design -rtl -name rtl_1
close_design
open_run impl_1
synth_design -rtl -name rtl_1
close_sim
launch_simulation
source TB_Nanoprocessor2.tcl
close_sim
launch_simulation
source TB_Nanoprocessor2.tcl
close_sim
launch_simulation
source TB_Nanoprocessor2.tcl
close_sim
launch_simulation
source TB_Nanoprocessor2.tcl
close_sim
launch_simulation
source TB_Nanoprocessor2.tcl
close_sim
launch_simulation
source TB_Nanoprocessor2.tcl
close_sim
launch_simulation
source TB_Nanoprocessor2.tcl
run 100 ns
run 100 ns
run 100 ns
run 100 ns
close_sim
launch_simulation
source TB_Nanoprocessor2.tcl
run 100 ns
run 100 ns
run 100 ns
run 100 ns
run 100 ns
run 100 ns
run 100 ns
run 100 ns
run 100 ns
run 100 ns
close_sim
launch_simulation
source TB_Nanoprocessor2.tcl
run 100 ns
run 100 ns
run 100 ns
run 100 ns
run 100 ns
run 100 ns
run 100 ns
run all
close_sim
launch_simulation
source TB_Nanoprocessor2.tcl
run 100 ns
run 100 ns
run 100 ns
run 100 ns
run 100 ns
run 100 ns
run 100 ns
run 100 ns
close_sim
launch_simulation
source TB_Nanoprocessor2.tcl
close_sim
launch_simulation
source TB_Nanoprocessor2.tcl
run 100 ns
run 100 ns
run 100 ns
run 100 ns
run 100 ns
close_sim
