#-----------------------------------------------------------
# Vivado v2018.2.1 (64-bit)
# SW Build 2288692 on Thu Jul 26 18:24:02 MDT 2018
# IP Build 2289599 on Thu Jul 26 21:09:20 MDT 2018
# Start of session at: Sun May  5 21:54:47 2024
# Process ID: 24512
# Current directory: C:/Users/USER/Documents/vivado/Nanoprocessor
# Command line: vivado.exe -gui_launcher_event rodinguilauncherevent25056 C:\Users\USER\Documents\vivado\Nanoprocessor\Nanoprocessor1.xpr
# Log file: C:/Users/USER/Documents/vivado/Nanoprocessor/vivado.log
# Journal file: C:/Users/USER/Documents/vivado/Nanoprocessor\vivado.jou
#-----------------------------------------------------------
start_gui
open_project C:/Users/USER/Documents/vivado/Nanoprocessor/Nanoprocessor1.xpr
update_compile_order -fileset sources_1
launch_simulation
source TB_Nanoprocessor1.tcl
close_sim
launch_simulation
source TB_Nanoprocessor1.tcl
update_files -from_files {{C:/Users/USER/Documents/vivado/Basic Nanoprocessor/Basys3Labs.xdc}} -to_files C:/Users/USER/Documents/vivado/Basys3Labs.xdc -filesets [get_filesets *]
close_sim
launch_simulation
source TB_Nanoprocessor1.tcl
launch_runs synth_1 -jobs 6
wait_on_run synth_1
launch_runs impl_1 -jobs 6
wait_on_run impl_1
launch_runs impl_1 -to_step write_bitstream -jobs 6
wait_on_run impl_1
open_run impl_1
